// Jest Snapshot v1, https://goo.gl/fbAQLP

exports[`<Option />  Matches snapshot 1`] = `ShallowWrapper {}`;
