// Jest Snapshot v1, https://goo.gl/fbAQLP

exports[`<Label />  Matches snapshot 1`] = `ShallowWrapper {}`;
