// Jest Snapshot v1, https://goo.gl/fbAQLP

exports[`testing <HomeComponent />  matches snapshot 1`] = `ShallowWrapper {}`;
