// Jest Snapshot v1, https://goo.gl/fbAQLP

exports[`testing <EditForm />  matches snapshot 1`] = `ShallowWrapper {}`;
