// Jest Snapshot v1, https://goo.gl/fbAQLP

exports[`testing <LoginComponent />  matches snapshot 1`] = `ShallowWrapper {}`;
