// Jest Snapshot v1, https://goo.gl/fbAQLP

exports[`<ToolBar />  Matches snapshot 1`] = `ShallowWrapper {}`;
