// Jest Snapshot v1, https://goo.gl/fbAQLP

exports[`testing <GalleryComponent />  matches snapshot 1`] = `ShallowWrapper {}`;
