// Jest Snapshot v1, https://goo.gl/fbAQLP

exports[`testing <DeleteComponent />  matches snapshot 1`] = `ShallowWrapper {}`;
