// Jest Snapshot v1, https://goo.gl/fbAQLP

exports[`<ImageEditable />  Matches snapshot 1`] = `ReactWrapper {}`;
