// Jest Snapshot v1, https://goo.gl/fbAQLP

exports[`testing <ImageOrganism />  matches snapshot 1`] = `ShallowWrapper {}`;
