// Jest Snapshot v1, https://goo.gl/fbAQLP

exports[`<Anchor />  Matches snapshot 1`] = `ShallowWrapper {}`;
