// Jest Snapshot v1, https://goo.gl/fbAQLP

exports[`<ProfilePic />  Matches snapshot 1`] = `ShallowWrapper {}`;
