// Jest Snapshot v1, https://goo.gl/fbAQLP

exports[`<InputField />  Matches snapshot 1`] = `ReactWrapper {}`;
