// Jest Snapshot v1, https://goo.gl/fbAQLP

exports[`testing <AboutComponent />  matches snapshot 1`] = `ShallowWrapper {}`;
