// Jest Snapshot v1, https://goo.gl/fbAQLP

exports[`<DropDownList />  Matches snapshot 1`] = `ShallowWrapper {}`;
