// Jest Snapshot v1, https://goo.gl/fbAQLP

exports[`<MainListItems />  Matches snapshot 1`] = `ShallowWrapper {}`;
