// Jest Snapshot v1, https://goo.gl/fbAQLP

exports[`<TextArea />  Matches snapshot 1`] = `ShallowWrapper {}`;
