// Jest Snapshot v1, https://goo.gl/fbAQLP

exports[`<Input />  Matches snapshot 1`] = `ShallowWrapper {}`;
