// Jest Snapshot v1, https://goo.gl/fbAQLP

exports[`testing <ContactComponent />  matches snapshot 1`] = `ShallowWrapper {}`;
