// Jest Snapshot v1, https://goo.gl/fbAQLP

exports[`testing <Navigation />  matches snapshot 1`] = `ShallowWrapper {}`;
