// Jest Snapshot v1, https://goo.gl/fbAQLP

exports[`<TextAreaField />  Matches snapshot 1`] = `ShallowWrapper {}`;
