// Jest Snapshot v1, https://goo.gl/fbAQLP

exports[`testing <UploadForm />  matches snapshot 1`] = `ShallowWrapper {}`;
