// Jest Snapshot v1, https://goo.gl/fbAQLP

exports[`testing <FrontComponent />  matches snapshot 1`] = `ShallowWrapper {}`;
