// Jest Snapshot v1, https://goo.gl/fbAQLP

exports[`<Image />  Matches snapshot 1`] = `ShallowWrapper {}`;
